# set_logic: QF_LRA
# :smt-lib-version: 2.0
# :category: "check"
# :status: sat
# :notes: |This benchmark is designed to check if the DP supports bignumbers.|
p cnf 3 3
c 1.0 0.0 0.0
b 3 >:6.0 NO_BOUND
c 0.0 1.0 0.0
b 4 >:20.0 NO_BOUND
c 0.0 0.0 1.0
b 5 >:99.0 NO_BOUND
eoa
