# set_logic: QF_LRA
# :smt-lib-version: 2.0
# :category: "check"
# :status: sat
# :notes: |This benchmark is designed to check if the DP supports bignumbers.|
p cnf 1 1
c 0.0
b 1 =:0.0 =:0.0
eoa
