# set_logic: QF_LRA
# :smt-lib-version: 2.0
# :category: "check"
# :status: sat
# :notes: |This benchmark is designed to check if the DP supports bignumbers.|
p cnf 3 1
c -1.0 3.0 -5.0
b 3 >:6.0 NO_BOUND
