# set_logic: QF_LRA
# :smt-lib-version: 2.0
# :category: "check"
# :status: sat
# :notes: |This benchmark is designed to check if the DP supports bignumbers.|
p cnf 2 2
c 3.0 2.0
b 2 >:10.0 NO_BOUND
c 6.0 8.0
b 3 NO_BOUND <:60.0
