# set_logic: QF_LRA
# :source: | SMT-COMP'06 organizers |
# :smt-lib-version: 2.0
# :category: "check"
# :status: sat
# :notes: |This benchmark is designed to check if the DP supports bignumbers.|
p cnf 1 1
c -0.25
b 1 >:691.0 NO_BOUND
