# set_logic: QF_LRA
# :smt-lib-version: 2.0
# :category: "check"
# :status: sat
# :notes: |This benchmark is designed to check if the DP supports bignumbers.|
p cnf 2 2
c -2.0 0.0
b 2 >:6.0 NO_BOUND
c 0.0 -0.02
b 3 NO_BOUND <=:50.0
eoa
