# set_logic: QF_LRA
# :source: | SMT-COMP'06 organizers |
# :smt-lib-version: 2.0
# :category: "check"
# :status: sat
# :notes: |This benchmark is designed to check if the DP supports bignumbers.|
p cnf 4 2
c 3.0 0.0 0.0 6.0
b 4 >:10.0 NO_BOUND
c 0.0 10.0 9.0 0.0
b 5 >:30.0 NO_BOUND
