# set_logic: QF_LRA
# :source: | SMT-COMP'06 organizers |
# :smt-lib-version: 2.0
# :category: "check"
# :status: sat
# :notes: |This benchmark is designed to check if the DP supports bignumbers.|
p cnf 3 1
c 3 2 5
b 2 10 NO_BOUND
